<html>
<body>
<pre>
<h1>µVision Build Log</h1>
<h2>Project:</h2>
D:\Workplace\UT6.03x-Embedded Systems Course\UT6.03x-Embedded-Systems-Course\Lab4_InputOutput\InputOutput.uvproj
Project File Date:  03/24/2016

<h2>Output:</h2>
Rebuild target 'InputOutput'
assembling startup_TM4C123.s...
compiling main.c...
lab4.h(67): warning:  #1-D: last line of file ends without a newline
        
main.c: 1 warning, 0 errors
linking...
Program Size: Code=816 RO-data=652 RW-data=8 ZI-data=608  
".\InputOutput.axf" - 0 Error(s), 1 Warning(s).
Load "D:\\Workplace\\UT6.03x-Embedded Systems Course\\UT6.03x-Embedded-Systems-Course\\Lab4_InputOutput\\InputOutput.axf" 
Connecting: Mode=JTAG, Speed=1000000Hz
Erase Done.
Programming Done.
Verify OK.
Load "D:\\Workplace\\UT6.03x-Embedded Systems Course\\UT6.03x-Embedded-Systems-Course\\Lab4_InputOutput\\InputOutput.axf" 
Connecting: Mode=JTAG, Speed=1000000Hz
Erase Done.
Programming Done.
Verify OK.
