<html>
<body>
<pre>
<h1>µVision Build Log</h1>
<h2>Project:</h2>
D:\Workplace\UT6.03x-Embedded Systems Course\UT6.03x-Embedded-Systems-Course\Lab5_FunctionAndTerminal\FunctionsPrintTerminal.uvproj
Project File Date:  03/25/2016

<h2>Output:</h2>
Rebuild target 'FunctionsPrintTerminal'
assembling startup_TM4C123.s...
compiling main.c...
compiling UART.c...
linking...
Program Size: Code=2924 RO-data=716 RW-data=12 ZI-data=516  
".\FunctionsPrintTerminal.axf" - 0 Error(s), 0 Warning(s).
Load "D:\\Workplace\\UT6.03x-Embedded Systems Course\\UT6.03x-Embedded-Systems-Course\\Lab5_FunctionAndTerminal\\FunctionsPrintTerminal.axf" 
Connecting: Mode=JTAG, Speed=1000000Hz
Erase Done.
Programming Done.
Verify OK.
</pre>
</body>
</html>
