<html>
<body>
<pre>
<h1>µVision Build Log</h1>
<h2>Project:</h2>
D:\Workplace\UT6.03x-Embedded Systems Course\UT6.03x-Embedded-Systems-Course\Lab2_HelloLaunchPad\HelloLaunchPad.uvproj
Project File Date:  03/23/2016

<h2>Output:</h2>
Rebuild target 'Hello_LaunchPad'
assembling startup_TM4C123.s...
compiling main.c...
linking...
Program Size: Code=780 RO-data=652 RW-data=4 ZI-data=612  
".\HelloLaunchPad.axf" - 0 Error(s), 0 Warning(s).
Load "D:\\Workplace\\UT6.03x-Embedded Systems Course\\UT6.03x-Embedded-Systems-Course\\Lab2_HelloLaunchPad\\HelloLaunchPad.axf" 
Connecting: Mode=JTAG, Speed=1000000Hz
Erase Done.
Programming Done.
Verify OK.
</pre>
</body>
</html>
3x-Embedded Systems Course\\UT6.03x-Embedded-Systems-Course\\Lab2_HelloLaunchPad\\HelloLaunchPad.axf" 
Connecting: Mode=JTAG, Speed=1000000Hz
Erase Done.
Programming Done.
Verify OK.
b2_HelloLaunchPad\\HelloLaunchPad.axf" 
Connecting: Mode=JTAG, Speed=1000000Hz
Erase Done.
Programming Done.
Verify OK.
