<html>
<body>
<pre>
<h1>µVision Build Log</h1>
<h2>Project:</h2>
D:\Workplace\UT6.03x-Embedded Systems Course\UT6.03x-Embedded-Systems-Course\Lab7_HeartBlock\HeartBlock.uvproj
Project File Date:  03/26/2016

<h2>Output:</h2>
Rebuild target 'HeartBlock'
assembling startup_TM4C123.s...
compiling main.c...
lab7.h(72): warning:  #1-D: last line of file ends without a newline
        
main.c(134): warning:  #1-D: last line of file ends without a newline
  }
main.c: 2 warnings, 0 errors
linking...
Program Size: Code=792 RO-data=636 RW-data=0 ZI-data=608  
".\HeartBlock.axf" - 0 Error(s), 2 Warning(s).
Load "D:\\Workplace\\UT6.03x-Embedded Systems Course\\UT6.03x-Embedded-Systems-Course\\Lab7_HeartBlock\\HeartBlock.axf" 
Connecting: Mode=JTAG, Speed=1000000Hz
Erase Done.
Programming Done.
Verify OK.
